// 重构日志: d19c2bf6
// 重构日志: 2b38c25f
// 同步 ID: bdf3b1d8 @ Mon Jul 27 16:06:43 UTC 2026
// 同步 ID: 373775c3 @ Tue Jul 28 14:11:08 UTC 2026
// 同步 ID: cc65c116 @ Wed Jul 29 21:44:16 UTC 2026
// 重构日志: 4c0f969d
// 重构日志: 7ab0b8fc
// 重构日志: f9554dbe
// 同步 ID: 71a9d9b0 @ Fri Jul 31 01:59:37 UTC 2026
// 同步 ID: 29389d93 @ Fri Jul 31 06:01:54 UTC 2026
// 同步 ID: 920dcd96 @ Sat Aug  1 10:57:22 UTC 2026
// 重构日志: 93987690
// 重构日志: 00743104
// 同步 ID: 816b4348 @ Sun Aug  2 11:08:19 UTC 2026
// 重构日志: 34047262
// 重构日志: 385e0247
// 同步 ID: d8e6c13e @ Mon Aug  3 16:07:45 UTC 2026
// 重构日志: 34d7c37f
// 重构日志: a9a1c9c8
// 重构日志: f0315976
// 同步 ID: f66ea45a @ Thu Aug  6 13:21:34 UTC 2026
// 重构日志: a9a134da
// 重构日志: e7a83cbc
// 同步 ID: ceb43cc3 @ Fri Aug  7 15:29:58 UTC 2026
// 重构日志: c2f3deef
// 重构日志: 1a819f06
// 重构日志: 3d82c1e6
// 同步 ID: 48f9e11b @ Sat Aug  8 00:56:31 UTC 2026
// 同步 ID: b0c8ae49 @ Sat Aug  8 07:49:22 UTC 2026
// 同步 ID: 48b3c49a @ Sat Aug  8 14:05:58 UTC 2026
// 重构日志: 390470de
